// Jest Snapshot v1, https://goo.gl/fbAQLP

exports[`Card renders Card correctly 1`] = `
<View
  style={
    {
      "alignItems": "center",
      "backgroundColor": "#72063c",
      "borderRadius": 10,
      "elevation": 5,
      "justifyContent": "center",
      "marginHorizontal": 20,
      "marginTop": 40,
      "padding": 20,
      "shadowColor": "black",
      "shadowOffset": {
        "height": 2,
        "width": 0,
      },
      "shadowOpacity": 0.26,
      "shadowRadius": 6,
    }
  }
>
  <Text
    style={
      {
        "color": "white",
        "fontSize": 20,
        "fontWeight": "bold",
      }
    }
  >
    Test Title
  </Text>
  Test Children
</View>
`;

exports[`PrimaryButton renders Button correctly 1`] = `
<View
  style={
    {
      "borderRadius": 50,
      "flex": 1,
      "margin": 8,
      "overflow": "hidden",
    }
  }
>
  <View
    accessibilityState={
      {
        "busy": undefined,
        "checked": undefined,
        "disabled": undefined,
        "expanded": undefined,
        "selected": undefined,
      }
    }
    accessibilityValue={
      {
        "max": undefined,
        "min": undefined,
        "now": undefined,
        "text": undefined,
      }
    }
    accessible={true}
    collapsable={false}
    focusable={true}
    onBlur={[Function]}
    onClick={[Function]}
    onFocus={[Function]}
    onResponderGrant={[Function]}
    onResponderMove={[Function]}
    onResponderRelease={[Function]}
    onResponderTerminate={[Function]}
    onResponderTerminationRequest={[Function]}
    onStartShouldSetResponder={[Function]}
    style={
      {
        "backgroundColor": "#A0567A",
        "elevation": 5,
        "paddingHorizontal": 16,
        "paddingVertical": 8,
      }
    }
  >
    <Text
      style={
        {
          "color": "white",
          "fontFamily": "open-sans-bold",
          "textAlign": "center",
        }
      }
    />
  </View>
</View>
`;

exports[`PrimaryButton renders Card correctly 1`] = `
<View
  style={
    {
      "borderRadius": 50,
      "flex": 1,
      "margin": 8,
      "overflow": "hidden",
    }
  }
>
  <View
    accessibilityState={
      {
        "busy": undefined,
        "checked": undefined,
        "disabled": undefined,
        "expanded": undefined,
        "selected": undefined,
      }
    }
    accessibilityValue={
      {
        "max": undefined,
        "min": undefined,
        "now": undefined,
        "text": undefined,
      }
    }
    accessible={true}
    collapsable={false}
    focusable={true}
    onBlur={[Function]}
    onClick={[Function]}
    onFocus={[Function]}
    onResponderGrant={[Function]}
    onResponderMove={[Function]}
    onResponderRelease={[Function]}
    onResponderTerminate={[Function]}
    onResponderTerminationRequest={[Function]}
    onStartShouldSetResponder={[Function]}
    style={
      {
        "backgroundColor": "#A0567A",
        "elevation": 5,
        "paddingHorizontal": 16,
        "paddingVertical": 8,
      }
    }
  >
    <Text
      style={
        {
          "color": "white",
          "fontFamily": "open-sans-bold",
          "textAlign": "center",
        }
      }
    />
  </View>
</View>
`;
